Warning message:
package ‘duckdb’ was built under R version 4.6.1
load_trace	start	1790675165.853727836	112536	112536	0	0	0
load_trace	query-open	1790675165.854049148	112536	112536	0	0	0
load_trace	query-open	1790675165.854758871	114456	114456	0	0	0
load_trace	query-open	1790675165.855109962	114616	114616	0	0	0
load_trace	query-open	1790675167.012878299	2925652	2925652	0	0	0
load_trace	query-open	1790675167.013556950	2925972	2925972	0	0	0
load_trace	query-open	1790675167.288032500	2932052	2932052	0	0	0
load_trace	query-open	1790675167.288553644	2932052	2932052	0	0	0
load_trace	query-open	1790675167.293061454	2932212	2932212	0	0	0
load_trace	query-open	1790675167.293418486	2932212	2932212	0	0	0
load_trace	query-open	1790675167.297661442	2932212	2932212	0	0	0
load_trace	counts	1790675167.297690718	2932212	2932212	0	0	0
load_trace	reserved	1790675167.297741835	2932372	2932372	0	1290203124	0
load_trace	page	1790675167.298272206	2932372	2932372	0	0	0
load_trace	page	1790675167.389881340	2957812	2957812	0	0	0
load_trace	page	1790675168.140543495	4349480	4349480	0	0	0
load_trace	page	1790675168.833770474	4330300	4378120	0	0	0
load_trace	page	1790675169.500665283	4312840	4378120	0	0	0
load_trace	page	1790675170.221961943	4268532	4378120	0	0	0
load_trace	page	1790675171.480388481	4239580	4378120	0	0	0
load_trace	page	1790675172.078007797	4217312	4378120	0	0	0
load_trace	page	1790675172.669917612	4202304	4378120	0	0	0
load_trace	page	1790675173.241825787	4184980	4378120	0	0	0
load_trace	page	1790675173.806241440	4174268	4378120	0	0	0
load_trace	page	1790675174.356376339	4164612	4378120	0	0	0
load_trace	page	1790675174.896720643	4144244	4378120	0	0	0
load_trace	page	1790675175.421343374	4123976	4378120	0	0	0
load_trace	page	1790675175.932764897	4108384	4378120	0	0	0
load_trace	page	1790675176.436384506	4100196	4378120	0	0	0
load_trace	page	1790675176.929408664	4082016	4378120	0	0	0
load_trace	page	1790675177.402247708	4055572	4378120	0	0	0
load_trace	page	1790675177.865503177	4042388	4378120	0	0	0
load_trace	page	1790675178.321345646	4026564	4378120	0	0	0
load_trace	page	1790675178.762264082	4010232	4378120	0	0	0
load_trace	page	1790675179.196396857	4000580	4378120	0	0	0
load_trace	page	1790675179.614458861	3973484	4378120	0	0	0
load_trace	page	1790675180.012820453	3950304	4378120	0	0	0
load_trace	page	1790675180.396434796	3934848	4378120	0	0	0
load_trace	page	1790675180.765673854	3916828	4378120	0	0	0
load_trace	page	1790675181.129906432	3899744	4378120	0	0	0
load_trace	page	1790675181.474294256	3883496	4378120	0	0	0
load_trace	page	1790675181.816379993	3869584	4378120	0	0	0
load_trace	page	1790675182.177685690	3845912	4378120	0	0	0
load_trace	page	1790675182.510077086	3833212	4378120	0	0	0
load_trace	page	1790675182.804148290	3811064	4378120	0	0	0
load_trace	page	1790675183.085125259	3793056	4378120	0	0	0
load_trace	page	1790675183.353837170	3777068	4378120	0	0	0
load_trace	page	1790675183.605955944	3761480	4378120	0	0	0
load_trace	page	1790675183.851253448	3752556	4378120	0	0	0
load_trace	page	1790675184.084738810	3731464	4378120	0	0	0
load_trace	page	1790675184.300764272	3712348	4378120	0	0	0
load_trace	page	1790675184.507799278	3728348	4378120	0	0	0
load_trace	page	1790675184.733955207	3740348	4378120	0	0	0
load_trace	page	1790675184.943941504	3754908	4378120	0	0	0
load_trace	page	1790675185.134447433	3770588	4378120	0	0	0
load_trace	page	1790675185.323104229	3785148	4378120	0	0	0
load_trace	page	1790675185.505547001	3803068	4378120	0	0	0
load_trace	page	1790675185.690762069	3820668	4378120	0	0	0
load_trace	page	1790675185.860721076	3843388	4378120	0	0	0
load_trace	page	1790675186.040853769	3858748	4378120	0	0	0
load_trace	page	1790675186.215225771	3873308	4378120	0	0	0
load_trace	page	1790675186.376352206	3888988	4378120	0	0	0
load_trace	page	1790675186.520359413	3904188	4378120	0	0	0
load_trace	page	1790675186.657281608	3917148	4378120	0	0	0
load_trace	page	1790675186.789585261	3929948	4378120	0	0	0
load_trace	page	1790675186.919146984	3943068	4378120	0	0	0
load_trace	page	1790675187.044156764	3957788	4378120	0	0	0
load_trace	page	1790675187.160016041	3972188	4378120	0	0	0
load_trace	page	1790675187.272346234	3983708	4378120	0	0	0
load_trace	page	1790675187.377810416	3997468	4378120	0	0	0
load_trace	page	1790675187.479099979	4012508	4378120	0	0	0
load_trace	page	1790675187.574690170	4027388	4378120	0	0	0
load_trace	page	1790675187.664464923	4040188	4378120	0	0	0
load_trace	page	1790675187.750356653	4055868	4378120	0	0	0
load_trace	page	1790675187.830117411	4068988	4378120	0	0	0
load_trace	page	1790675187.904391466	4084348	4378120	0	0	0
load_trace	page	1790675187.973121751	4096668	4378120	0	0	0
load_trace	page	1790675188.036207536	4111228	4378120	0	0	0
load_trace	page	1790675188.094470790	4123708	4378120	0	0	0
load_trace	page	1790675188.147901400	4140668	4378120	0	0	0
load_trace	page	1790675188.194911530	4152508	4378120	0	0	0
load_trace	page	1790675188.236678999	4166428	4378120	0	0	0
load_trace	page	1790675188.274137273	4177308	4378120	0	0	0
load_trace	page	1790675188.308366108	4190908	4378120	0	0	0
load_trace	page	1790675188.335242789	4205468	4378120	0	0	0
load_trace	page	1790675188.356461795	4217628	4378120	0	0	0
load_trace	page	1790675188.373053298	4230268	4378120	0	0	0
load_trace	page	1790675188.382709937	4242268	4378120	0	0	0
load_trace	page	1790675188.471031452	4248348	4378120	0	0	0
load_trace	page	1790675188.999961431	4248828	4378120	0	0	0
load_trace	page	1790675189.524971971	4249148	4378120	0	0	0
load_trace	page	1790675190.045601389	4249468	4378120	0	0	0
load_trace	page	1790675190.568660428	4249628	4378120	0	0	0
load_trace	page	1790675191.090192329	4249948	4378120	0	0	0
load_trace	page	1790675191.605707438	4250268	4378120	0	0	0
load_trace	page	1790675192.125809182	4250588	4378120	0	0	0
load_trace	page	1790675192.646258772	4250748	4378120	0	0	0
load_trace	page	1790675193.162074408	4251068	4378120	0	0	0
load_trace	page	1790675193.674727582	4251228	4378120	0	0	0
load_trace	page	1790675194.183273047	4251548	4378120	0	0	0
load_trace	page	1790675194.689572109	4251868	4378120	0	0	0
load_trace	page	1790675195.232851471	4252028	4378120	0	0	0
load_trace	page	1790675195.746511375	4252348	4378120	0	0	0
load_trace	page	1790675196.254252409	4252668	4378120	0	0	0
load_trace	page	1790675196.774837595	4252988	4378120	0	0	0
load_trace	page	1790675197.315237559	4253148	4378120	0	0	0
load_trace	page	1790675197.830451571	4253468	4378120	0	0	0
load_trace	page	1790675198.327672281	4253628	4378120	0	0	0
load_trace	page	1790675198.811463837	4253948	4378120	0	0	0
load_trace	page	1790675199.296677452	4254108	4378120	0	0	0
load_trace	page	1790675199.778584582	4254428	4378120	0	0	0
load_trace	page	1790675200.260516038	4254748	4378120	0	0	0
load_trace	page	1790675200.747058427	4254908	4378120	0	0	0
load_trace	page	1790675201.228890270	4255068	4378120	0	0	0
load_trace	page	1790675201.720490037	4255228	4378120	0	0	0
load_trace	page	1790675202.219258622	4255548	4378120	0	0	0
load_trace	page	1790675202.714930681	4255708	4378120	0	0	0
load_trace	page	1790675203.228876340	4256028	4378120	0	0	0
load_trace	page	1790675203.721938539	4256188	4378120	0	0	0
load_trace	page	1790675204.203563125	4256508	4378120	0	0	0
load_trace	page	1790675204.693847590	4256828	4378120	0	0	0
load_trace	page	1790675205.182993314	4256988	4378120	0	0	0
load_trace	page	1790675205.676145530	4257308	4378120	0	0	0
load_trace	page	1790675206.168768750	4257468	4378120	0	0	0
load_trace	page	1790675206.658101577	4257788	4378120	0	0	0
load_trace	page	1790675207.147270174	4258108	4378120	0	0	0
load_trace	page	1790675207.637987237	4258268	4378120	0	0	0
load_trace	page	1790675208.120275501	4258588	4378120	0	0	0
load_trace	page	1790675208.602954181	4258748	4378120	0	0	0
load_trace	page	1790675209.084619097	4259068	4378120	0	0	0
load_trace	page	1790675209.558869907	4259388	4378120	0	0	0
load_trace	page	1790675210.031681831	4259548	4378120	0	0	0
load_trace	page	1790675210.510562714	4259868	4378120	0	0	0
load_trace	page	1790675210.992557757	4260188	4378120	0	0	0
load_trace	page	1790675211.468661232	4260348	4378120	0	0	0
load_trace	page	1790675211.937401719	4260668	4378120	0	0	0
load_trace	page	1790675212.409936873	4260828	4378120	0	0	0
load_trace	page	1790675212.882336696	4261148	4378120	0	0	0
load_trace	page	1790675213.354773927	4261468	4378120	0	0	0
load_trace	page	1790675213.819817256	4261788	4378120	0	0	0
load_trace	page	1790675214.289813791	4261948	4378120	0	0	0
load_trace	page	1790675214.758249022	4262268	4378120	0	0	0
load_trace	page	1790675215.222392412	4262588	4378120	0	0	0
load_trace	page	1790675215.681610160	4262748	4378120	0	0	0
load_trace	page	1790675216.143015212	4263068	4378120	0	0	0
load_trace	page	1790675216.677453805	4263228	4378120	0	0	0
load_trace	page	1790675217.176700014	4263548	4378120	0	0	0
load_trace	page	1790675217.667530704	4263868	4378120	0	0	0
load_trace	page	1790675218.129709886	4264028	4378120	0	0	0
load_trace	page	1790675218.589485607	4264348	4378120	0	0	0
load_trace	page	1790675219.045639304	4264668	4378120	0	0	0
load_trace	page	1790675219.499737754	4264828	4378120	0	0	0
load_trace	page	1790675219.952299531	4265148	4378120	0	0	0
load_trace	page	1790675220.407367000	4265468	4378120	0	0	0
load_trace	page	1790675220.858490151	4265628	4378120	0	0	0
load_trace	page	1790675221.308121707	4265948	4378120	0	0	0
load_trace	page	1790675221.758799212	4266108	4378120	0	0	0
load_trace	page	1790675222.205150002	4266428	4378120	0	0	0
load_trace	page	1790675222.648844552	4266748	4378120	0	0	0
load_trace	page	1790675223.092792342	4267068	4378120	0	0	0
load_trace	page	1790675223.535763678	4267228	4378120	0	0	0
load_trace	page	1790675223.977534747	4267388	4378120	0	0	0
load_trace	page	1790675224.419508994	4267708	4378120	0	0	0
load_trace	page	1790675224.860375087	4268028	4378120	0	0	0
load_trace	page	1790675225.298060140	4268188	4378120	0	0	0
load_trace	page	1790675225.734850999	4268508	4378120	0	0	0
load_trace	page	1790675226.170165057	4268668	4378120	0	0	0
load_trace	page	1790675226.607414126	4268988	4378120	0	0	0
load_trace	page	1790675227.051910847	4269308	4378120	0	0	0
load_trace	page	1790675227.484862346	4269468	4378120	0	0	0
load_trace	page	1790675227.926316033	4269628	4378120	0	0	0
load_trace	page	1790675228.359986638	4269948	4378120	0	0	0
load_trace	page	1790675228.790664850	4270108	4378120	0	0	0
load_trace	page	1790675229.218971579	4270428	4378120	0	0	0
load_trace	page	1790675229.645515121	4270588	4378120	0	0	0
load_trace	page	1790675230.071700464	4270908	4378120	0	0	0
load_trace	page	1790675230.496719308	4271228	4378120	0	0	0
load_trace	page	1790675230.919875437	4271548	4378120	0	0	0
load_trace	page	1790675231.345558901	4271708	4378120	0	0	0
load_trace	page	1790675231.821219167	4272028	4378120	0	0	0
load_trace	page	1790675232.278085730	4272348	4378120	0	0	0
load_trace	page	1790675232.704340070	4272668	4378120	0	0	0
load_trace	page	1790675233.122701681	4272828	4378120	0	0	0
load_trace	page	1790675233.537013450	4273148	4378120	0	0	0
load_trace	page	1790675233.954624040	4273308	4378120	0	0	0
load_trace	page	1790675234.370869425	4273628	4378120	0	0	0
load_trace	page	1790675234.784873257	4273948	4378120	0	0	0
load_trace	page	1790675235.190007702	4274108	4378120	0	0	0
load_trace	page	1790675235.598751466	4274428	4378120	0	0	0
load_trace	page	1790675236.005213947	4274588	4378120	0	0	0
load_trace	page	1790675236.409889358	4274908	4378120	0	0	0
load_trace	page	1790675236.827935563	4275228	4378120	0	0	0
load_trace	page	1790675237.244499045	4275548	4378120	0	0	0
load_trace	page	1790675237.654881076	4275708	4378120	0	0	0
load_trace	page	1790675238.064049773	4275868	4378120	0	0	0
load_trace	page	1790675238.466772531	4276188	4378120	0	0	0
load_trace	page	1790675238.872235088	4276348	4378120	0	0	0
load_trace	page	1790675239.273732745	4276668	4378120	0	0	0
load_trace	page	1790675239.681757805	4276988	4378120	0	0	0
load_trace	page	1790675240.082177310	4277148	4378120	0	0	0
load_trace	page	1790675240.479652887	4277468	4378120	0	0	0
load_trace	page	1790675240.878744408	4277628	4378120	0	0	0
load_trace	page	1790675241.276978191	4277948	4378120	0	0	0
load_trace	page	1790675241.670762502	4278268	4378120	0	0	0
load_trace	page	1790675242.127641358	4278428	4378120	0	0	0
load_trace	page	1790675242.530644998	4278748	4378120	0	0	0
load_trace	page	1790675242.921544651	4278908	4378120	0	0	0
load_trace	page	1790675243.306649697	4279068	4378120	0	0	0
load_trace	page	1790675243.693514212	4279388	4378120	0	0	0
load_trace	page	1790675244.079197476	4279548	4378120	0	0	0
load_trace	page	1790675244.460252285	4279868	4378120	0	0	0
load_trace	page	1790675244.840970048	4280188	4378120	0	0	0
load_trace	page	1790675245.226109163	4280348	4378120	0	0	0
load_trace	page	1790675245.608127332	4280668	4378120	0	0	0
load_trace	page	1790675245.986311734	4280828	4378120	0	0	0
load_trace	page	1790675246.362375656	4281148	4378120	0	0	0
load_trace	page	1790675246.737895130	4281468	4378120	0	0	0
load_trace	page	1790675247.119160497	4281628	4378120	0	0	0
load_trace	page	1790675247.490862947	4281948	4378120	0	0	0
load_trace	page	1790675247.863090066	4282108	4378120	0	0	0
load_trace	page	1790675248.235886804	4282428	4378120	0	0	0
load_trace	page	1790675248.609035126	4282748	4378120	0	0	0
load_trace	page	1790675248.979975931	4283068	4378120	0	0	0
load_trace	page	1790675249.353686049	4283228	4378120	0	0	0
load_trace	page	1790675249.728270997	4283548	4378120	0	0	0
load_trace	page	1790675250.092532498	4283868	4378120	0	0	0
load_trace	page	1790675250.464059572	4284028	4378120	0	0	0
load_trace	page	1790675250.849084733	4284348	4378120	0	0	0
load_trace	page	1790675251.228392131	4284508	4378120	0	0	0
load_trace	page	1790675251.606026178	4284828	4378120	0	0	0
load_trace	page	1790675251.982600664	4284988	4378120	0	0	0
load_trace	page	1790675252.356875384	4285308	4378120	0	0	0
load_trace	page	1790675252.722627132	4285628	4378120	0	0	0
load_trace	page	1790675253.084951410	4285788	4378120	0	0	0
load_trace	page	1790675253.447113883	4286108	4378120	0	0	0
load_trace	page	1790675253.800646409	4286428	4378120	0	0	0
load_trace	page	1790675254.155269879	4286588	4378120	0	0	0
load_trace	page	1790675254.506656563	4286908	4378120	0	0	0
load_trace	page	1790675254.858801569	4287228	4378120	0	0	0
load_trace	page	1790675255.212922864	4287388	4378120	0	0	0
load_trace	page	1790675255.558307084	4287708	4378120	0	0	0
load_trace	page	1790675255.904682472	4287868	4378120	0	0	0
load_trace	page	1790675256.249398911	4288188	4378120	0	0	0
load_trace	page	1790675256.593285729	4288508	4378120	0	0	0
load_trace	page	1790675256.936153859	4288668	4378120	0	0	0
load_trace	page	1790675257.279095116	4288988	4378120	0	0	0
load_trace	page	1790675257.629318194	4289148	4378120	0	0	0
load_trace	page	1790675257.970221366	4289468	4378120	0	0	0
load_trace	page	1790675258.314650650	4289788	4378120	0	0	0
load_trace	page	1790675258.654510406	4289948	4378120	0	0	0
load_trace	page	1790675258.992429512	4290268	4378120	0	0	0
load_trace	page	1790675259.327370717	4290428	4378120	0	0	0
load_trace	page	1790675259.664588286	4290748	4378120	0	0	0
load_trace	page	1790675259.999423390	4291068	4378120	0	0	0
load_trace	page	1790675260.332437472	4291228	4378120	0	0	0
load_trace	page	1790675260.662358773	4291548	4378120	0	0	0
load_trace	page	1790675260.992330070	4291708	4378120	0	0	0
load_trace	page	1790675261.323315398	4292028	4378120	0	0	0
load_trace	page	1790675261.654045184	4292348	4378120	0	0	0
load_trace	page	1790675261.982016127	4292508	4378120	0	0	0
load_trace	page	1790675262.306747819	4292828	4378120	0	0	0
load_trace	page	1790675262.631802943	4292988	4378120	0	0	0
load_trace	page	1790675262.954205914	4293308	4378120	0	0	0
load_trace	page	1790675263.277332450	4293628	4378120	0	0	0
load_trace	page	1790675263.599975823	4293788	4378120	0	0	0
load_trace	page	1790675263.919672088	4294108	4378120	0	0	0
load_trace	page	1790675264.239008557	4294268	4378120	0	0	0
load_trace	page	1790675264.555880857	4294588	4378120	0	0	0
load_trace	page	1790675264.872299360	4294908	4378120	0	0	0
load_trace	page	1790675265.186815760	4295068	4378120	0	0	0
load_trace	page	1790675265.501387010	4295388	4378120	0	0	0
load_trace	page	1790675265.817881170	4295548	4378120	0	0	0
load_trace	page	1790675266.135070024	4295868	4378120	0	0	0
load_trace	page	1790675266.449943326	4296188	4378120	0	0	0
load_trace	page	1790675266.756545955	4296508	4378120	0	0	0
load_trace	page	1790675267.061883883	4296668	4378120	0	0	0
load_trace	page	1790675267.373668770	4296988	4378120	0	0	0
load_trace	page	1790675267.683022805	4297148	4378120	0	0	0
load_trace	page	1790675267.989876469	4297468	4378120	0	0	0
load_trace	page	1790675268.294837066	4297788	4378120	0	0	0
load_trace	page	1790675268.599529274	4297948	4378120	0	0	0
load_trace	page	1790675268.902531858	4298268	4378120	0	0	0
load_trace	page	1790675269.207187552	4298588	4378120	0	0	0
load_trace	page	1790675269.507817581	4298748	4378120	0	0	0
load_trace	page	1790675269.808808656	4299068	4378120	0	0	0
load_trace	page	1790675270.108668839	4299388	4378120	0	0	0
load_trace	page	1790675270.405993466	4299548	4378120	0	0	0
load_trace	page	1790675270.702984547	4299868	4378120	0	0	0
load_trace	page	1790675271.002665919	4300028	4378120	0	0	0
load_trace	page	1790675271.295745037	4300348	4378120	0	0	0
load_trace	page	1790675271.599119143	4300668	4378120	0	0	0
load_trace	page	1790675271.890883792	4300828	4378120	0	0	0
load_trace	page	1790675272.181242467	4301148	4378120	0	0	0
load_trace	page	1790675272.474140113	4301308	4378120	0	0	0
load_trace	page	1790675272.763960600	4301628	4378120	0	0	0
load_trace	page	1790675273.053307691	4301948	4378120	0	0	0
load_trace	page	1790675273.342068023	4302108	4378120	0	0	0
load_trace	page	1790675273.630119725	4302428	4378120	0	0	0
load_trace	page	1790675273.915739126	4302748	4378120	0	0	0
load_trace	page	1790675274.200418882	4302908	4378120	0	0	0
load_trace	page	1790675274.491073264	4303068	4378120	0	0	0
load_trace	page	1790675274.778851838	4303228	4378120	0	0	0
load_trace	page	1790675275.054648843	4303548	4378120	0	0	0
load_trace	page	1790675275.330494872	4303708	4378120	0	0	0
load_trace	page	1790675275.606095317	4304028	4378120	0	0	0
load_trace	page	1790675275.880398590	4304348	4378120	0	0	0
load_trace	page	1790675276.152279049	4304508	4378120	0	0	0
load_trace	page	1790675276.423818390	4304828	4378120	0	0	0
load_trace	page	1790675276.694673982	4304988	4378120	0	0	0
load_trace	page	1790675276.965166821	4305308	4378120	0	0	0
load_trace	page	1790675277.233292212	4305628	4378120	0	0	0
load_trace	page	1790675277.499136275	4305788	4378120	0	0	0
load_trace	page	1790675277.764666414	4306108	4378120	0	0	0
load_trace	page	1790675278.036027648	4306268	4378120	0	0	0
load_trace	page	1790675278.301132179	4306428	4378120	0	0	0
load_trace	page	1790675278.563281145	4306748	4378120	0	0	0
load_trace	page	1790675278.824828145	4307068	4378120	0	0	0
load_trace	page	1790675279.084366123	4307228	4378120	0	0	0
load_trace	page	1790675279.343402999	4307548	4378120	0	0	0
load_trace	page	1790675279.599619643	4307708	4378120	0	0	0
load_trace	page	1790675279.850523085	4308028	4378120	0	0	0
load_trace	page	1790675280.105279016	4308348	4378120	0	0	0
load_trace	page	1790675280.353195852	4308508	4378120	0	0	0
load_trace	page	1790675280.604386785	4308828	4378120	0	0	0
load_trace	page	1790675280.850744216	4308988	4378120	0	0	0
load_trace	page	1790675281.097488863	4309308	4378120	0	0	0
load_trace	page	1790675281.347045282	4309628	4378120	0	0	0
load_trace	page	1790675281.594132222	4309788	4378120	0	0	0
load_trace	page	1790675281.837012401	4310108	4378120	0	0	0
load_trace	page	1790675282.077478232	4310428	4378120	0	0	0
load_trace	page	1790675282.325713877	4310748	4378120	0	0	0
load_trace	page	1790675282.568555134	4310908	4378120	0	0	0
load_trace	page	1790675282.804046168	4311228	4378120	0	0	0
load_trace	page	1790675283.042320847	4311548	4378120	0	0	0
load_trace	page	1790675283.278824555	4311708	4378120	0	0	0
load_trace	page	1790675283.515895230	4312028	4378120	0	0	0
load_trace	page	1790675283.751469896	4312188	4378120	0	0	0
