Warning message:
package ‘duckdb’ was built under R version 4.6.1 
load_trace	start	1790674519.046493810	112196	112196	0	0	0
load_trace	query-open	1790674519.046904507	112196	112196	0	0	0
load_trace	query-open	1790674519.047682272	113956	113956	0	0	0
load_trace	query-open	1790674519.048089998	113956	113956	0	0	0
load_trace	query-open	1790674520.397340619	2925564	2925564	0	0	0
load_trace	query-open	1790674520.398090125	2925884	2925884	0	0	0
load_trace	query-open	1790674520.688537722	2931004	2931004	0	0	0
load_trace	query-open	1790674520.689072069	2931004	2931004	0	0	0
load_trace	query-open	1790674520.693686790	2931164	2931164	0	0	0
load_trace	query-open	1790674520.694016205	2931164	2931164	0	0	0
load_trace	query-open	1790674520.698369644	2931164	2931164	0	0	0
load_trace	counts	1790674520.698399306	2931164	2931164	0	0	0
load_trace	reserved	1790674520.698453360	2931164	2931164	0	1290203124	0
load_trace	query-open	1790674520.698789477	2931164	2931164	0	0	0
load_trace	query-open	1790674521.419655441	4334684	4334684	0	0	0
load_trace	query-open	1790674522.258642962	4235872	5460604	0	0	0
load_trace	query-open	1790674522.425428593	4315392	5460604	0	0	0
load_trace	query-open	1790674522.431823278	4315392	5460604	0	0	0
load_trace	loaded	1790674522.432168185	4315392	5460604	1290203124	1290203124	0
load_trace	kernel	1790674523.443467293	4315552	5460604	1290203124	1290203124	0
load_trace	indexed	1790674523.469167433	4315552	5460604	1290203124	1290203124	14378496
