Warning message:
package ‘duckdb’ was built under R version 4.6.1 
load_trace	start	1790674524.023531999	112144	112144	0	0	0
load_trace	query-open	1790674524.023807719	112144	112144	0	0	0
load_trace	query-open	1790674524.024431238	114064	114064	0	0	0
load_trace	query-open	1790674524.024782453	114224	114224	0	0	0
load_trace	query-open	1790674525.191243267	2925608	2925608	0	0	0
load_trace	query-open	1790674525.191978981	2925928	2925928	0	0	0
load_trace	query-open	1790674525.487892336	2930728	2930728	0	0	0
load_trace	query-open	1790674525.488430901	2930728	2930728	0	0	0
load_trace	query-open	1790674525.493281555	2930888	2930888	0	0	0
load_trace	query-open	1790674525.493624117	2930888	2930888	0	0	0
load_trace	query-open	1790674525.498159814	2930888	2930888	0	0	0
load_trace	counts	1790674525.498193364	2930888	2930888	0	0	0
load_trace	reserved	1790674525.498249917	2931048	2931048	0	1290203124	0
load_trace	query-open	1790674525.498600671	2931048	2931048	0	0	0
load_trace	query-open	1790674526.323679675	4334248	4334248	0	0	0
load_trace	query-open	1790674527.176306974	4236460	5460008	0	0	0
load_trace	query-open	1790674527.340743441	4316140	5460008	0	0	0
load_trace	query-open	1790674527.346775801	4316140	5460008	0	0	0
load_trace	loaded	1790674527.347152929	4316140	5460008	1290203124	1290203124	0
load_trace	kernel	1790674528.385932240	4316140	5460008	1290203124	1290203124	0
load_trace	indexed	1790674528.412288403	4316140	5460008	1290203124	1290203124	14378496
