Warning message:
package ‘duckdb’ was built under R version 4.6.1
load_trace	start	1790674529.038010231	112104	112104	0	0	0
load_trace	query-open	1790674529.038375720	112264	112264	0	0	0
load_trace	query-open	1790674529.039117737	114024	114024	0	0	0
load_trace	query-open	1790674529.039538563	114024	114024	0	0	0
load_trace	query-open	1790674530.260695476	2925560	2925560	0	0	0
load_trace	query-open	1790674530.261544015	2925880	2925880	0	0	0
load_trace	query-open	1790674530.564463116	2932120	2932120	0	0	0
load_trace	query-open	1790674530.565007266	2932120	2932120	0	0	0
load_trace	query-open	1790674530.569865636	2932280	2932280	0	0	0
load_trace	query-open	1790674530.570247724	2932280	2932280	0	0	0
load_trace	query-open	1790674530.574939881	2932280	2932280	0	0	0
load_trace	counts	1790674530.574987466	2932280	2932280	0	0	0
load_trace	reserved	1790674530.575047080	2932280	2932280	0	1290203124	0
load_trace	query-open	1790674530.575524204	2932280	2932280	0	0	0
load_trace	query-open	1790674531.309801815	4335640	4335640	0	0	0
load_trace	query-open	1790674532.147109313	4233208	5461400	0	0	0
load_trace	query-open	1790674532.315411672	4312728	5461400	0	0	0
load_trace	query-open	1790674532.321361229	4312728	5461400	0	0	0
load_trace	loaded	1790674532.321665613	4312728	5461400	1290203124	1290203124	0
load_trace	kernel	1790674533.298392965	4312888	5461400	1290203124	1290203124	0
load_trace	indexed	1790674533.325662971	4313048	5461400	1290203124	1290203124	14378496
