compact t1 run1 load1=1.62 1.70 1.65
compact t1 r1 exit=0
compact t1 run2 load1=1.96 1.79 1.68
compact t1 r2 exit=0
compact t1 run3 load1=2.28 1.87 1.71
compact t1 r3 exit=0
compact t1 run4 load1=2.46 1.95 1.75
compact t1 r4 exit=0
compact t1 run5 load1=2.50 2.02 1.78
compact t1 r5 exit=0
rich t1 run1 load1=2.38 2.04 1.79
rich t1 r1 exit=0
hgvs t1 run1 load1=2.54 2.16 1.85
hgvs t1 r1 exit=0
rich_hgvs t1 run1 load1=2.52 2.27 1.94
rich_hgvs t1 r1 exit=0
rich t1 run2 load1=2.59 2.36 2.03
rich t1 r2 exit=0
hgvs t1 run2 load1=2.58 2.40 2.07
hgvs t1 r2 exit=0
rich_hgvs t1 run2 load1=2.32 2.36 2.09
rich_hgvs t1 r2 exit=0
rich t1 run3 load1=2.55 2.43 2.16
rich t1 r3 exit=0
hgvs t1 run3 load1=2.50 2.46 2.19
hgvs t1 r3 exit=0
rich_hgvs t1 run3 load1=2.38 2.45 2.22
rich_hgvs t1 r3 exit=0
compact t4 run1 load1=2.26 2.41 2.24
compact t4 r1 exit=0
compact t4 run2 load1=2.74 2.50 2.27
compact t4 r2 exit=0
compact t4 run3 load1=1.84 2.32 2.23
compact t4 r3 exit=0
compact t4 run4 load1=2.11 2.36 2.24
compact t4 r4 exit=0
compact t4 run5 load1=2.54 2.44 2.27
compact t4 r5 exit=0
rich t4 run1 load1=2.70 2.48 2.28
rich t4 r1 exit=0
hgvs t4 run1 load1=2.08 2.43 2.29
hgvs t4 r1 exit=0
rich_hgvs t4 run1 load1=2.26 2.57 2.37
rich_hgvs t4 r1 exit=0
rich t4 run2 load1=2.36 2.70 2.45
rich t4 r2 exit=0
hgvs t4 run2 load1=2.10 2.59 2.43
hgvs t4 r2 exit=0
rich_hgvs t4 run2 load1=2.07 2.59 2.46
rich_hgvs t4 r2 exit=0
rich t4 run3 load1=2.21 2.68 2.52
rich t4 r3 exit=0
hgvs t4 run3 load1=2.91 2.80 2.56
hgvs t4 r3 exit=0
rich_hgvs t4 run3 load1=2.49 2.85 2.62
rich_hgvs t4 r3 exit=0
DONE
