Error in `duckdb_result()`:
! Invalid Error: Out of Memory Error: failed to offload data block of size 256.0 KiB (7.4 GiB/7.4 GiB used).
This limit was set by the 'max_temp_directory_size' setting.
By default, this setting utilizes the available disk space on the drive where the 'temp_directory' is located.
You can adjust this setting, by using (for example) PRAGMA max_temp_directory_size='10GiB'

Possible solutions:
* Reducing the number of threads (SET threads=X)
* Disabling insertion-order preservation (SET preserve_insertion_order=false)
* Increasing the memory limit (SET memory_limit='...GB')

See also https://duckdb.org/docs/stable/guides/performance/how_to_tune_workloads
ℹ Context: rapi_execute
ℹ Error type: INVALID
Backtrace:
     ▆
  1. ├─DBI::dbExecute(con, glue("COPY ({query}) TO {sql_q(output)}\n    (FORMAT CSV, DELIMITER E'\\t', HEADER TRUE, QUOTE '', ESCAPE '')"))
  2. ├─DBI::dbExecute(con, glue("COPY ({query}) TO {sql_q(output)}\n    (FORMAT CSV, DELIMITER E'\\t', HEADER TRUE, QUOTE '', ESCAPE '')"))
  3. │ ├─DBI::dbSendStatement(conn, statement, ...)
  4. │ └─DBI::dbSendStatement(conn, statement, ...)
  5. │   ├─DBI::dbSendQuery(conn, statement, ...)
  6. │   └─duckdb::dbSendQuery(conn, statement, ...)
  7. │     └─duckdb (local) .local(conn, statement, ...)
  8. │       └─duckdb:::duckdb_result(connection = conn, stmt_lst = stmt_lst, arrow = arrow)
  9. │         └─duckdb:::duckdb_execute(res)
 10. │           └─duckdb:::rethrow_rapi_execute(...)
 11. │             ├─rlang::try_fetch(...)
 12. │             │ ├─base::tryCatch(...)
 13. │             │ │ └─base (local) tryCatchList(expr, classes, parentenv, handlers)
 14. │             │ │   └─base (local) tryCatchOne(expr, names, parentenv, handlers[[1L]])
 15. │             │ │     └─base (local) doTryCatch(return(expr), name, parentenv, handler)
 16. │             │ └─base::withCallingHandlers(...)
 17. │             └─duckdb:::rapi_execute(stmt, convert_opts)
 18. ├─duckdb (local) `<fn>`(...)
 19. │ └─rlang::abort(error_parts, class = "duckdb_error", !!!fields)
 20. │   └─rlang:::signal_abort(cnd, .file)
 21. │     └─base::signalCondition(cnd)
 22. └─rlang (local) `<fn>`(`<dckdb_rr>`)
 23.   └─handlers[[1L]](cnd)
 24.     └─duckdb:::rethrow_error_from_rapi(e, call)
 25.       └─rlang::abort(msg, call = call)
Execution halted
